// Jest Snapshot v1, https://goo.gl/fbAQLP

exports[`BoardWithoutAnyColumnsError is displays misconfiguration error for admin user 1`] = `
<div
  class="empty-page"
>
  <div
    class="empty-page-illustration"
  >
    <!---->
  </div>
   
  <div
    class="empty-page-text-with-small-text"
  >
    <translate-stub
      tag="span"
    >
      This taskboard is not properly configured
    </translate-stub>
     
    <div
      class="empty-page-small-text"
    >
      <translate-stub
        tag="span"
      >
        You have to configure the columns mapping
      </translate-stub>
    </div>
  </div>
   
  <a
    class="tlp-button-primary tlp-button-large"
    href="/path/to/admin"
  >
    <i
      aria-hidden="true"
      class="fas fa-long-arrow-alt-right tlp-button-icon"
    />
     
    <translate-stub
      tag="span"
    >
      Define columns
    </translate-stub>
  </a>
</div>
`;
