// Jest Snapshot v1, https://goo.gl/fbAQLP

exports[`GlobalAppError warns user that something is wrong with a button to show details 1`] = `
<div
  class="empty-page taskboard-error"
>
  <div
    class="empty-page-illustration"
  >
    <!---->
  </div>
   
  <div
    class="empty-page-text-with-small-text"
  >
    <translate-stub
      tag="span"
    >
      Oops, there's an issue
    </translate-stub>
     
    <div
      class="empty-page-small-text"
      data-current-language="en_US"
      data-msgid="
            It seems an action you tried to perform can't be done
        "
    >
      
            It seems an action you tried to perform can't be done
        
    </div>
     
    <div
      class="taskboard-error-link"
    >
      <a
        data-current-language="en_US"
        data-msgid="
                    Show error details
                "
        data-test="show-details"
      >
        
                    Show error details
                
      </a>
    </div>
     
    <!---->
  </div>
   
  <button
    class="tlp-button-primary tlp-button-large"
    type="button"
  >
    <i
      aria-hidden="true"
      class="fas fa-sync tlp-button-icon"
    />
     
    <translate-stub
      tag="span"
    >
      Reload the page
    </translate-stub>
  </button>
</div>
`;
